// Jest Snapshot v1, https://goo.gl/fbAQLP

exports[`Test elements test snapshot 1`] = `
<div>
  <div
    class="emails-editor_form"
  >
    <span
      class="email-editor_wrapper-emails"
    />
    <input
      class="emails-editor_input"
    />
    <span
      class="emails-editor_fake-span"
    />
    <span
      class="emails-editor_placeholder"
    >
      add more people…
    </span>
  </div>
</div>
`;
